{
    "id": "SCENARIO_scenario_a9c3eea2-2af3-4a85-a0c3-ef98ff5bd586",
    "config_id": "scenario",
    "pipelines": [
        "PIPELINE_pipeline_0e1c5dd3-9896-4221-bfc8-6924acd11147"
    ],
    "properties": {},
    "creation_date": "2022-03-31T21:50:52.360872",
    "primary_scenario": true,
    "subscribers": [],
    "tags": [],
    "cycle": "CYCLE_Frequency.DAILY_2022-03-31T215052.349698_4dfea10a-605f-4d02-91cd-cc8c43cd7d2f",
    "version": "1.0"
}
