{
    "id": "TASK_evaluate_task_31f1ecdf-2b75-4cd8-9509-9e70eddc6973",
    "parent_id": "SCENARIO_scenario_a9c3eea2-2af3-4a85-a0c3-ef98ff5bd586",
    "config_id": "evaluate_task",
    "input_ids": [
        "DATANODE_historical_temperature_5525cf20-c3a3-42ce-a1c9-88e988bb49f9",
        "DATANODE_forecasts_c1d9ace5-6099-44ce-a90f-6518db37bbf4",
        "DATANODE_day_8c0595aa-2dcf-4080-aa78-2eebd7619c9b"
    ],
    "function_name": "evaluate",
    "function_module": "tests.setup.shared.algorithms",
    "output_ids": [
        "DATANODE_evaluation_a208b475-11ba-452f-aec6-077e46ced49b"
    ]
}
